<!DOCTYPE html PUBLIC "-//W3C//DTD XHTML 1.0 Transitional//EN" "https://www.w3.org/TR/xhtml1/DTD/xhtml1-transitional.dtd">
<html xmlns="http://www.w3.org/1999/xhtml">
<head>
<meta http-equiv="Content-Type" content="text/xhtml;charset=UTF-8"/>
<meta http-equiv="X-UA-Compatible" content="IE=9"/>
<meta name="generator" content="Doxygen 1.8.18"/>
<meta name="viewport" content="width=device-width, initial-scale=1"/>
<title>TnT: tnt::Expected&lt; T &gt; Class Template Reference</title>
<link href="tabs.css" rel="stylesheet" type="text/css"/>
<script type="text/javascript" src="jquery.js"></script>
<script type="text/javascript" src="dynsections.js"></script>
<link href="search/search.css" rel="stylesheet" type="text/css"/>
<script type="text/javascript" src="search/searchdata.js"></script>
<script type="text/javascript" src="search/search.js"></script>
<link href="doxygen.css" rel="stylesheet" type="text/css" />
</head>
<body>
<div id="top"><!-- do not remove this div, it is closed by doxygen! -->
<div id="titlearea">
<table cellspacing="0" cellpadding="0">
 <tbody>
 <tr style="height: 56px;">
  <td id="projectalign" style="padding-left: 0.5em;">
   <div id="projectname">TnT
   &#160;<span id="projectnumber">0.1.0</span>
   </div>
   <div id="projectbrief">A 2d game engine written in C++20</div>
  </td>
 </tr>
 </tbody>
</table>
</div>
<!-- end header part -->
<!-- Generated by Doxygen 1.8.18 -->
<script type="text/javascript">
/* @license magnet:?xt=urn:btih:cf05388f2679ee054f2beb29a391d25f4e673ac3&amp;dn=gpl-2.0.txt GPL-v2 */
var searchBox = new SearchBox("searchBox", "search",false,'Search');
/* @license-end */
</script>
<script type="text/javascript" src="menudata.js"></script>
<script type="text/javascript" src="menu.js"></script>
<script type="text/javascript">
/* @license magnet:?xt=urn:btih:cf05388f2679ee054f2beb29a391d25f4e673ac3&amp;dn=gpl-2.0.txt GPL-v2 */
$(function() {
  initMenu('',true,false,'search.php','Search');
  $(document).ready(function() { init_search(); });
});
/* @license-end */</script>
<div id="main-nav"></div>
<!-- window showing the filter options -->
<div id="MSearchSelectWindow"
     onmouseover="return searchBox.OnSearchSelectShow()"
     onmouseout="return searchBox.OnSearchSelectHide()"
     onkeydown="return searchBox.OnSearchSelectKey(event)">
</div>

<!-- iframe showing the search results (closed by default) -->
<div id="MSearchResultsWindow">
<iframe src="javascript:void(0)" frameborder="0" 
        name="MSearchResults" id="MSearchResults">
</iframe>
</div>

<div id="nav-path" class="navpath">
  <ul>
<li class="navelem"><b>tnt</b></li><li class="navelem"><a class="el" href="classtnt_1_1_expected.html">Expected</a></li>  </ul>
</div>
</div><!-- top -->
<div class="header">
  <div class="summary">
<a href="#pub-methods">Public Member Functions</a> &#124;
<a href="#pub-static-methods">Static Public Member Functions</a> &#124;
<a href="#pro-attribs">Protected Attributes</a> &#124;
<a href="#friends">Friends</a> &#124;
<a href="classtnt_1_1_expected-members.html">List of all members</a>  </div>
  <div class="headertitle">
<div class="title">tnt::Expected&lt; T &gt; Class Template Reference</div>  </div>
</div><!--header-->
<div class="contents">
<table class="memberdecls">
<tr class="heading"><td colspan="2"><h2 class="groupheader"><a name="pub-methods"></a>
Public Member Functions</h2></td></tr>
<tr class="memitem:a6152c704b8d13fab9f8d20391391c275"><td class="memItemLeft" align="right" valign="top"><a id="a6152c704b8d13fab9f8d20391391c275"></a>
&#160;</td><td class="memItemRight" valign="bottom"><b>Expected</b> (T const &amp;r)</td></tr>
<tr class="separator:a6152c704b8d13fab9f8d20391391c275"><td class="memSeparator" colspan="2">&#160;</td></tr>
<tr class="memitem:a074f1c51d1461eb09dc1deb5be51b5df"><td class="memItemLeft" align="right" valign="top"><a id="a074f1c51d1461eb09dc1deb5be51b5df"></a>
&#160;</td><td class="memItemRight" valign="bottom"><b>Expected</b> (T &amp;&amp;r)</td></tr>
<tr class="separator:a074f1c51d1461eb09dc1deb5be51b5df"><td class="memSeparator" colspan="2">&#160;</td></tr>
<tr class="memitem:a666085eaf849fa2488b91823274b221d"><td class="memItemLeft" align="right" valign="top"><a id="a666085eaf849fa2488b91823274b221d"></a>
&#160;</td><td class="memItemRight" valign="bottom"><b>Expected</b> (<a class="el" href="classtnt_1_1_expected.html">Expected</a> const &amp;e)</td></tr>
<tr class="separator:a666085eaf849fa2488b91823274b221d"><td class="memSeparator" colspan="2">&#160;</td></tr>
<tr class="memitem:a436b210b00783b51e06a237f45809023"><td class="memItemLeft" align="right" valign="top"><a id="a436b210b00783b51e06a237f45809023"></a>
&#160;</td><td class="memItemRight" valign="bottom"><b>Expected</b> (<a class="el" href="classtnt_1_1_expected.html">Expected</a> &amp;&amp;e)</td></tr>
<tr class="separator:a436b210b00783b51e06a237f45809023"><td class="memSeparator" colspan="2">&#160;</td></tr>
<tr class="memitem:a6647a802180a041cfe30b20248796ca6"><td class="memTemplParams" colspan="2"><a id="a6647a802180a041cfe30b20248796ca6"></a>
template&lt;typename E &gt; </td></tr>
<tr class="memitem:a6647a802180a041cfe30b20248796ca6"><td class="memTemplItemLeft" align="right" valign="top">&#160;</td><td class="memTemplItemRight" valign="bottom"><b>Expected</b> (E const &amp;e)</td></tr>
<tr class="separator:a6647a802180a041cfe30b20248796ca6"><td class="memSeparator" colspan="2">&#160;</td></tr>
<tr class="memitem:a921baef4a88f10fc8dfc6c72a01d6d0d"><td class="memItemLeft" align="right" valign="top"><a id="a921baef4a88f10fc8dfc6c72a01d6d0d"></a>
void&#160;</td><td class="memItemRight" valign="bottom"><b>swap</b> (<a class="el" href="classtnt_1_1_expected.html">Expected</a> const &amp;e) noexcept</td></tr>
<tr class="separator:a921baef4a88f10fc8dfc6c72a01d6d0d"><td class="memSeparator" colspan="2">&#160;</td></tr>
<tr class="memitem:a05a6f3406d9c320b72e8158639ee50e0"><td class="memItemLeft" align="right" valign="top"><a id="a05a6f3406d9c320b72e8158639ee50e0"></a>
<a class="el" href="classtnt_1_1_expected.html">Expected</a> &amp;&#160;</td><td class="memItemRight" valign="bottom"><b>operator=</b> (<a class="el" href="classtnt_1_1_expected.html">Expected</a> const &amp;e) noexcept</td></tr>
<tr class="separator:a05a6f3406d9c320b72e8158639ee50e0"><td class="memSeparator" colspan="2">&#160;</td></tr>
<tr class="memitem:a826feedae12472c7f18e6e4de52d170a"><td class="memItemLeft" align="right" valign="top"><a id="a826feedae12472c7f18e6e4de52d170a"></a>
bool&#160;</td><td class="memItemRight" valign="bottom"><b>operator==</b> (<a class="el" href="structtnt_1_1invalid.html">invalid</a> const &amp;) const noexcept</td></tr>
<tr class="separator:a826feedae12472c7f18e6e4de52d170a"><td class="memSeparator" colspan="2">&#160;</td></tr>
<tr class="memitem:a9edac8802e76d84231ccf5c4754b35ef"><td class="memItemLeft" align="right" valign="top"><a id="a9edac8802e76d84231ccf5c4754b35ef"></a>
bool&#160;</td><td class="memItemRight" valign="bottom"><b>operator!=</b> (<a class="el" href="structtnt_1_1invalid.html">invalid</a> const &amp;) const noexcept</td></tr>
<tr class="separator:a9edac8802e76d84231ccf5c4754b35ef"><td class="memSeparator" colspan="2">&#160;</td></tr>
<tr class="memitem:acea994623234ebca5f3f78fea8e86b1f"><td class="memItemLeft" align="right" valign="top"><a id="acea994623234ebca5f3f78fea8e86b1f"></a>
bool&#160;</td><td class="memItemRight" valign="bottom"><b>operator&lt;=</b> (<a class="el" href="structtnt_1_1invalid.html">invalid</a> const &amp;) const =delete</td></tr>
<tr class="separator:acea994623234ebca5f3f78fea8e86b1f"><td class="memSeparator" colspan="2">&#160;</td></tr>
<tr class="memitem:a133870782ed5d2a2dfc4b5ec9afb432a"><td class="memItemLeft" align="right" valign="top"><a id="a133870782ed5d2a2dfc4b5ec9afb432a"></a>
bool&#160;</td><td class="memItemRight" valign="bottom"><b>operator&gt;=</b> (<a class="el" href="structtnt_1_1invalid.html">invalid</a> const &amp;) const =delete</td></tr>
<tr class="separator:a133870782ed5d2a2dfc4b5ec9afb432a"><td class="memSeparator" colspan="2">&#160;</td></tr>
<tr class="memitem:ad32181662fa1c14e41de79bfc64e5303"><td class="memItemLeft" align="right" valign="top"><a id="ad32181662fa1c14e41de79bfc64e5303"></a>
bool&#160;</td><td class="memItemRight" valign="bottom"><b>operator&lt;</b> (<a class="el" href="structtnt_1_1invalid.html">invalid</a> const &amp;) const =delete</td></tr>
<tr class="separator:ad32181662fa1c14e41de79bfc64e5303"><td class="memSeparator" colspan="2">&#160;</td></tr>
<tr class="memitem:a37915b0fb295920eb70a27167c7c8071"><td class="memItemLeft" align="right" valign="top"><a id="a37915b0fb295920eb70a27167c7c8071"></a>
bool&#160;</td><td class="memItemRight" valign="bottom"><b>operator&gt;</b> (<a class="el" href="structtnt_1_1invalid.html">invalid</a> const &amp;) const =delete</td></tr>
<tr class="separator:a37915b0fb295920eb70a27167c7c8071"><td class="memSeparator" colspan="2">&#160;</td></tr>
<tr class="memitem:a38fb89be855774d6c7d66f51a6c6bf1f"><td class="memItemLeft" align="right" valign="top"><a id="a38fb89be855774d6c7d66f51a6c6bf1f"></a>
bool&#160;</td><td class="memItemRight" valign="bottom"><b>isValid</b> () const noexcept</td></tr>
<tr class="separator:a38fb89be855774d6c7d66f51a6c6bf1f"><td class="memSeparator" colspan="2">&#160;</td></tr>
<tr class="memitem:a03b071a6f488ed674ee6c9ec3cb4c2bf"><td class="memItemLeft" align="right" valign="top"><a id="a03b071a6f488ed674ee6c9ec3cb4c2bf"></a>
bool&#160;</td><td class="memItemRight" valign="bottom"><b>successful</b> () const noexcept</td></tr>
<tr class="separator:a03b071a6f488ed674ee6c9ec3cb4c2bf"><td class="memSeparator" colspan="2">&#160;</td></tr>
<tr class="memitem:a59b842e4ce5f36c5fedac4654d0bb790"><td class="memItemLeft" align="right" valign="top"><a id="a59b842e4ce5f36c5fedac4654d0bb790"></a>
T &amp;&#160;</td><td class="memItemRight" valign="bottom"><b>get</b> () noexcept(noexcept(gotResult))</td></tr>
<tr class="separator:a59b842e4ce5f36c5fedac4654d0bb790"><td class="memSeparator" colspan="2">&#160;</td></tr>
<tr class="memitem:a0c2c8d850e5c045c4d57189de9a5bc53"><td class="memItemLeft" align="right" valign="top"><a id="a0c2c8d850e5c045c4d57189de9a5bc53"></a>
const T &amp;&#160;</td><td class="memItemRight" valign="bottom"><b>get</b> () const noexcept(noexcept(gotResult))</td></tr>
<tr class="separator:a0c2c8d850e5c045c4d57189de9a5bc53"><td class="memSeparator" colspan="2">&#160;</td></tr>
<tr class="memitem:ae028e9f3a8854de87c63a362d0783fda"><td class="memTemplParams" colspan="2"><a id="ae028e9f3a8854de87c63a362d0783fda"></a>
template&lt;class E &gt; </td></tr>
<tr class="memitem:ae028e9f3a8854de87c63a362d0783fda"><td class="memTemplItemLeft" align="right" valign="top">bool&#160;</td><td class="memTemplItemRight" valign="bottom"><b>hasException</b> () const</td></tr>
<tr class="separator:ae028e9f3a8854de87c63a362d0783fda"><td class="memSeparator" colspan="2">&#160;</td></tr>
</table><table class="memberdecls">
<tr class="heading"><td colspan="2"><h2 class="groupheader"><a name="pub-static-methods"></a>
Static Public Member Functions</h2></td></tr>
<tr class="memitem:af9f40b7d8bebe1d94770ba2c0274d3fd"><td class="memTemplParams" colspan="2"><a id="af9f40b7d8bebe1d94770ba2c0274d3fd"></a>
template&lt;class E &gt; </td></tr>
<tr class="memitem:af9f40b7d8bebe1d94770ba2c0274d3fd"><td class="memTemplItemLeft" align="right" valign="top">static <a class="el" href="classtnt_1_1_expected.html">Expected</a>&lt; T &gt;&#160;</td><td class="memTemplItemRight" valign="bottom"><b>fromException</b> (E const &amp;e)</td></tr>
<tr class="separator:af9f40b7d8bebe1d94770ba2c0274d3fd"><td class="memSeparator" colspan="2">&#160;</td></tr>
<tr class="memitem:af8d2f32439274ac8d40d29e3ed833d70"><td class="memItemLeft" align="right" valign="top"><a id="af8d2f32439274ac8d40d29e3ed833d70"></a>
static <a class="el" href="classtnt_1_1_expected.html">Expected</a>&lt; T &gt;&#160;</td><td class="memItemRight" valign="bottom"><b>fromException</b> (std::exception_ptr const &amp;p) noexcept</td></tr>
<tr class="separator:af8d2f32439274ac8d40d29e3ed833d70"><td class="memSeparator" colspan="2">&#160;</td></tr>
<tr class="memitem:a334bb988b6af5036dfea469345c9b804"><td class="memItemLeft" align="right" valign="top"><a id="a334bb988b6af5036dfea469345c9b804"></a>
static <a class="el" href="classtnt_1_1_expected.html">Expected</a>&lt; T &gt;&#160;</td><td class="memItemRight" valign="bottom"><b>fromException</b> ()</td></tr>
<tr class="separator:a334bb988b6af5036dfea469345c9b804"><td class="memSeparator" colspan="2">&#160;</td></tr>
<tr class="memitem:a27f2437d8dd33acf86936502bc13a23e"><td class="memTemplParams" colspan="2"><a id="a27f2437d8dd33acf86936502bc13a23e"></a>
template&lt;class F &gt; </td></tr>
<tr class="memitem:a27f2437d8dd33acf86936502bc13a23e"><td class="memTemplItemLeft" align="right" valign="top">static <a class="el" href="classtnt_1_1_expected.html">Expected</a>&#160;</td><td class="memTemplItemRight" valign="bottom"><b>fromCode</b> (F func)</td></tr>
<tr class="separator:a27f2437d8dd33acf86936502bc13a23e"><td class="memSeparator" colspan="2">&#160;</td></tr>
</table><table class="memberdecls">
<tr class="heading"><td colspan="2"><h2 class="groupheader"><a name="pro-attribs"></a>
Protected Attributes</h2></td></tr>
<tr class="memitem:a99f7be802e5d4e4ccc64594526c0958b"><td class="memItemLeft" ><a id="a99f7be802e5d4e4ccc64594526c0958b"></a>
union {</td></tr>
<tr class="memitem:a039c4b81e3d52d567b7a702727cb9474"><td class="memItemLeft" >
&#160;&#160;&#160;T&#160;&#160;&#160;<b>result</b></td></tr>
<tr class="separator:a039c4b81e3d52d567b7a702727cb9474"><td class="memSeparator" colspan="2">&#160;</td></tr>
<tr class="memitem:abd254d0f7134b41d90785d47c039b4ee"><td class="memItemLeft" >
&#160;&#160;&#160;std::exception_ptr&#160;&#160;&#160;<b>spam</b></td></tr>
<tr class="separator:abd254d0f7134b41d90785d47c039b4ee"><td class="memSeparator" colspan="2">&#160;</td></tr>
<tr class="memitem:a99f7be802e5d4e4ccc64594526c0958b"><td class="memItemLeft" valign="top">};&#160;</td><td class="memItemRight" valign="bottom"></td></tr>
<tr class="separator:a99f7be802e5d4e4ccc64594526c0958b"><td class="memSeparator" colspan="2">&#160;</td></tr>
<tr class="memitem:ae621104f13715847b43614a59429da8b"><td class="memItemLeft" align="right" valign="top"><a id="ae621104f13715847b43614a59429da8b"></a>
bool&#160;</td><td class="memItemRight" valign="bottom"><b>gotResult</b></td></tr>
<tr class="separator:ae621104f13715847b43614a59429da8b"><td class="memSeparator" colspan="2">&#160;</td></tr>
</table><table class="memberdecls">
<tr class="heading"><td colspan="2"><h2 class="groupheader"><a name="friends"></a>
Friends</h2></td></tr>
<tr class="memitem:ae1d9798b0eda3264062065e98b01ea89"><td class="memItemLeft" align="right" valign="top"><a id="ae1d9798b0eda3264062065e98b01ea89"></a>
class&#160;</td><td class="memItemRight" valign="bottom"><b>Expected&lt; void &gt;</b></td></tr>
<tr class="separator:ae1d9798b0eda3264062065e98b01ea89"><td class="memSeparator" colspan="2">&#160;</td></tr>
</table>
<hr/>The documentation for this class was generated from the following file:<ul>
<li>E:/thing/cpp/tnt/include/types/Expected.hpp</li>
</ul>
</div><!-- contents -->
<!-- start footer part -->
<hr class="footer"/><address class="footer"><small>
Generated by &#160;<a href="http://www.doxygen.org/index.html">
<img class="footer" src="doxygen.png" alt="doxygen"/>
</a> 1.8.18
</small></address>
</body>
</html>
